#-----------------------------------------------------------
# Vivado v2017.4 (64-bit)
# SW Build 2086221 on Fri Dec 15 20:55:39 MST 2017
# IP Build 2085800 on Fri Dec 15 22:25:07 MST 2017
# Start of session at: Tue Jan 30 14:10:15 2018
# Process ID: 20328
# Current directory: C:/Users/Richard/Documents/UCI/Freshman/2018 Winter/EECS 31L/Labs/Lab 2 - Vending Machine
# Command line: vivado.exe -gui_launcher_event rodinguilauncherevent18244 C:\Users\Richard\Documents\UCI\Freshman\2018 Winter\EECS 31L\Labs\Lab 2 - Vending Machine\Lab 2 - Vending Machine.xpr
# Log file: C:/Users/Richard/Documents/UCI/Freshman/2018 Winter/EECS 31L/Labs/Lab 2 - Vending Machine/vivado.log
# Journal file: C:/Users/Richard/Documents/UCI/Freshman/2018 Winter/EECS 31L/Labs/Lab 2 - Vending Machine\vivado.jou
#-----------------------------------------------------------
start_gui
open_project {C:/Users/Richard/Documents/UCI/Freshman/2018 Winter/EECS 31L/Labs/Lab 2 - Vending Machine/Lab 2 - Vending Machine.xpr}
update_compile_order -fileset sources_1
launch_simulation
source lab2b_tb.tcl
close_sim
